// Jest Snapshot v1, https://goo.gl/fbAQLP

exports[`App renders correctly 1`] = `
<DocumentFragment>
  <div
    class="app"
  >
    <nav>
      <ul>
        <li>
          <a
            href="/"
          >
            Home
          </a>
        </li>
        <li>
          <a
            href="/module"
          >
            Module
          </a>
        </li>
      </ul>
    </nav>
    <h1>
      Hello from micro-rect-app!
    </h1>
  </div>
</DocumentFragment>
`;
