// Jest Snapshot v1, https://goo.gl/fbAQLP

exports[`Module renders correctly 1`] = `
<h1
  className="module"
>
  Hello from micro-react-module
</h1>
`;
